src/services/geminiService.ts(1,29): error TS2307: Cannot find module '@google/genai' or its corresponding type declarations.
src/services/geminiService.ts(55,30): error TS2339: Property 'env' does not exist on type 'ImportMeta'.
